// Jest Snapshot v1, https://goo.gl/fbAQLP

exports[`🧪 Alert snapshot test snapshot comparing 1`] = `"<div data-show=\\"true\\" class=\\"ant-alert ant-alert-info ant-alert-no-icon\\" role=\\"alert\\"><span class=\\"ant-alert-message\\"></span><span class=\\"ant-alert-description\\"></span></div>"`;
